// Jest Snapshot v1, https://goo.gl/fbAQLP

exports[`VideoPlayback component matches the snapshot 1`] = `
<View
  style={
    {
      "alignItems": "center",
      "backgroundColor": "rgb(250, 253, 251)",
      "flex": 1,
      "justifyContent": "flex-start",
    }
  }
>
  <Text
    style={
      [
        {
          "textAlign": "left",
        },
        {
          "color": "rgba(28, 27, 31, 1)",
          "fontFamily": "System",
          "fontWeight": "400",
          "letterSpacing": 0,
        },
        {
          "writingDirection": "ltr",
        },
        {
          "color": "white",
          "fontSize": 16,
        },
      ]
    }
  >
    Test filename
  </Text>
  <Text
    style={
      [
        {
          "textAlign": "left",
        },
        {
          "color": "rgba(28, 27, 31, 1)",
          "fontFamily": "System",
          "fontWeight": "400",
          "letterSpacing": 0,
        },
        {
          "writingDirection": "ltr",
        },
        {
          "color": "white",
          "fontSize": 16,
        },
      ]
    }
  >
    No video to display
  </Text>
</View>
`;
